========================================
Pipeline started at Mon 04/20/2026  2:29:45.28
========================================
Transferred:   	          0 B / 0 B, -, 0 B/s, ETA -
Checks:                 0 / 0, -, Listed 38
Elapsed time:         0.4sTransferred:   	          0 B / 0 B, -, 0 B/s, ETA -
Checks:                37 / 37, 100%, Listed 79
Transferred:            0 / 1, 0%
Elapsed time:         0.9s
Transferring:
 *                               sfr_report.html: transferringTransferred:   	          0 B / 0 B, -, 0 B/s, ETA -
Checks:                37 / 37, 100%, Listed 79
Transferred:            0 / 1, 0%
Elapsed time:         1.4s
Transferring:
 *                               sfr_report.html: transferringTransferred:   	          0 B / 0 B, -, 0 B/s, ETA -
Checks:                39 / 39, 100%, Listed 81
Transferred:            0 / 1, 0%
Elapsed time:         1.9s
Transferring:
 *                               sfr_report.html: transferringTransferred:   	          0 B / 0 B, -, 0 B/s, ETA -
Checks:                39 / 39, 100%, Listed 81
Transferred:            0 / 1, 0%
Elapsed time:         2.4s
Transferring:
 *                               sfr_report.html: transferringTransferred:   	          0 B / 0 B, -, 0 B/s, ETA -
Checks:                39 / 39, 100%, Listed 81
Transferred:            0 / 1, 0%
Elapsed time:         2.9s
Transferring:
 *                               sfr_report.html: transferringTransferred:   	          0 B / 0 B, -, 0 B/s, ETA -
Checks:                39 / 39, 100%, Listed 81
Transferred:            0 / 1, 0%
Elapsed time:         3.4s
Transferring:
 *                               sfr_report.html: transferringTransferred:   	          0 B / 0 B, -, 0 B/s, ETA -
Checks:                39 / 39, 100%, Listed 81
Transferred:            0 / 1, 0%
Elapsed time:         3.9s
Transferring:
 *                               sfr_report.html: transferringTransferred:   	          0 B / 0 B, -, 0 B/s, ETA -
Checks:                39 / 39, 100%, Listed 81
Transferred:            0 / 1, 0%
Elapsed time:         4.4s
Transferring:
 *                               sfr_report.html: transferringTransferred:   	          0 B / 0 B, -, 0 B/s, ETA -
Checks:                39 / 39, 100%, Listed 81
Transferred:            0 / 1, 0%
Elapsed time:         4.9s
Transferring:
 *                               sfr_report.html: transferringTransferred:   	          0 B / 0 B, -, 0 B/s, ETA -
Checks:                39 / 39, 100%, Listed 81
Transferred:            0 / 1, 0%
Elapsed time:         5.4s
Transferring:
 *                               sfr_report.html: transferringTransferred:   	          0 B / 0 B, -, 0 B/s, ETA -
Checks:                39 / 39, 100%, Listed 81
Transferred:            0 / 1, 0%
Elapsed time:         5.9s
Transferring:
 *                               sfr_report.html: transferringTransferred:   	          0 B / 0 B, -, 0 B/s, ETA -
Checks:                39 / 39, 100%, Listed 81
Transferred:            0 / 1, 0%
Elapsed time:         6.4s
Transferring:
 *                               sfr_report.html: transferringTransferred:   	          0 B / 0 B, -, 0 B/s, ETA -
Checks:                39 / 39, 100%, Listed 81
Transferred:            0 / 1, 0%
Elapsed time:         6.9s
Transferring:
 *                               sfr_report.html: transferringTransferred:   	          0 B / 0 B, -, 0 B/s, ETA -
Checks:                39 / 39, 100%, Listed 81
Transferred:            0 / 1, 0%
Elapsed time:         7.4s
Transferring:
 *                               sfr_report.html: transferringTransferred:   	          0 B / 0 B, -, 0 B/s, ETA -
Checks:                39 / 39, 100%, Listed 81
Transferred:            0 / 1, 0%
Elapsed time:         7.9s
Transferring:
 *                               sfr_report.html: transferringTransferred:   	          0 B / 0 B, -, 0 B/s, ETA -
Checks:                39 / 39, 100%, Listed 81
Transferred:            0 / 1, 0%
Elapsed time:         8.4s
Transferring:
 *                               sfr_report.html: transferringTransferred:   	          0 B / 0 B, -, 0 B/s, ETA -
Checks:                39 / 39, 100%, Listed 81
Transferred:            0 / 1, 0%
Elapsed time:         8.9s
Transferring:
 *                               sfr_report.html: transferringTransferred:   	          0 B / 0 B, -, 0 B/s, ETA -
Checks:                39 / 39, 100%, Listed 81
Transferred:            0 / 1, 0%
Elapsed time:         9.4s
Transferring:
 *                               sfr_report.html: transferringTransferred:   	          0 B / 0 B, -, 0 B/s, ETA -
Checks:                39 / 39, 100%, Listed 81
Transferred:            0 / 1, 0%
Elapsed time:         9.9s
Transferring:
 *                               sfr_report.html: transferringTransferred:   	          0 B / 0 B, -, 0 B/s, ETA -
Checks:                39 / 39, 100%, Listed 81
Transferred:            0 / 1, 0%
Elapsed time:        10.4s
Transferring:
 *                               sfr_report.html: transferringTransferred:   	          0 B / 0 B, -, 0 B/s, ETA -
Checks:                39 / 39, 100%, Listed 81
Transferred:            0 / 1, 0%
Elapsed time:        10.9s
Transferring:
 *                               sfr_report.html: transferringTransferred:   	          0 B / 0 B, -, 0 B/s, ETA -
Checks:                39 / 39, 100%, Listed 81
Transferred:            0 / 1, 0%
Elapsed time:        11.4s
Transferring:
 *                               sfr_report.html: transferringTransferred:   	          0 B / 0 B, -, 0 B/s, ETA -
Checks:                39 / 39, 100%, Listed 81
Transferred:            0 / 1, 0%
Elapsed time:        11.9s
Transferring:
 *                               sfr_report.html: transferringTransferred:   	          0 B / 0 B, -, 0 B/s, ETA -
Checks:                39 / 39, 100%, Listed 81
Transferred:            0 / 1, 0%
Elapsed time:        12.4s
Transferring:
 *                               sfr_report.html: transferringTransferred:   	          0 B / 0 B, -, 0 B/s, ETA -
Checks:                39 / 39, 100%, Listed 81
Transferred:            0 / 1, 0%
Elapsed time:        12.9s
Transferring:
 *                               sfr_report.html: transferringTransferred:   	          0 B / 0 B, -, 0 B/s, ETA -
Checks:                39 / 39, 100%, Listed 81
Transferred:            0 / 1, 0%
Elapsed time:        13.4s
Transferring:
 *                               sfr_report.html: transferringTransferred:   	     1020 KiB / 19.409 MiB, 5%, 0 B/s, ETA -
Checks:                39 / 39, 100%, Listed 81
Transferred:            0 / 1, 0%
Elapsed time:        13.9s
Transferring:
 *                               sfr_report.html:  5% /19.409Mi, 0/s, -
2026/04/20 02:30:02 ERROR : sfr_report.html.0b705df7.partial: corrupted on transfer: sizes differ src(Google drive root '') 20351443 vs dst(Local file system at //?/G:/My Drive/DesktopPC/vscode_projects/dbDashboard/output_pre_EVT2/sync_folder) 20351488
Transferred:   	   19.409 MiB / 19.409 MiB, 100%, 72.856 KiB/s, ETA 0s
Checks:                39 / 39, 100%, Listed 81
Transferred:            0 / 1, 0%
Elapsed time:        14.4s
Transferring:
 *                               sfr_report.html:100% /19.409Mi, 0/s, -Transferred:   	   19.409 MiB / 19.409 MiB, 100%, 72.856 KiB/s, ETA 0s
Errors:                 1 (retrying may help)
Checks:                39 / 39, 100%, Listed 81
Transferred:            0 / 1, 0%
Elapsed time:        14.4s
Transferring:
 *                               sfr_report.html:100% /19.409Mi, 0/s, -
2026/04/20 02:30:02 ERROR : Attempt 1/3 failed with 1 errors and: corrupted on transfer: sizes differ src(Google drive root '') 20351443 vs dst(Local file system at //?/G:/My Drive/DesktopPC/vscode_projects/dbDashboard/output_pre_EVT2/sync_folder) 20351488
Transferred:   	   19.409 MiB / 19.409 MiB, 100%, 72.856 KiB/s, ETA 0s
Errors:                 1 (retrying may help)
Checks:                39 / 39, 100%, Listed 81
Elapsed time:        14.4sTransferred:   	   19.409 MiB / 19.409 MiB, 100%, 72.856 KiB/s, ETA 0s
Checks:                39 / 39, 100%, Listed 119
Elapsed time:        14.9sTransferred:   	   19.409 MiB / 19.409 MiB, 100%, 72.856 KiB/s, ETA 0s
Checks:                76 / 76, 100%, Listed 160
Transferred:            0 / 1, 0%
Elapsed time:        15.4s
Transferring:
 *                               sfr_report.html: transferringTransferred:   	   19.409 MiB / 19.409 MiB, 100%, 72.856 KiB/s, ETA 0s
Checks:                78 / 78, 100%, Listed 162
Transferred:            0 / 1, 0%
Elapsed time:        15.9s
Transferring:
 *                               sfr_report.html: transferringTransferred:   	   19.409 MiB / 19.409 MiB, 100%, 1.294 MiB/s, ETA 0s
Checks:                78 / 78, 100%, Listed 162
Transferred:            0 / 1, 0%
Elapsed time:        16.4s
Transferring:
 *                               sfr_report.html: transferring
2026/04/20 02:30:04 ERROR : sfr_report.html.0b705df7.partial: corrupted on transfer: sizes differ src(Google drive root '') 20351443 vs dst(Local file system at //?/G:/My Drive/DesktopPC/vscode_projects/dbDashboard/output_pre_EVT2/sync_folder) 20351488
Transferred:   	   38.817 MiB / 38.817 MiB, 100%, 1.294 MiB/s, ETA 0s
Checks:                78 / 78, 100%, Listed 162
Transferred:            0 / 1, 0%
Elapsed time:        16.9s
Transferring:
 *                               sfr_report.html:100% /19.409Mi, 0/s, -
2026/04/20 02:30:04 ERROR : Attempt 2/3 failed with 1 errors and: corrupted on transfer: sizes differ src(Google drive root '') 20351443 vs dst(Local file system at //?/G:/My Drive/DesktopPC/vscode_projects/dbDashboard/output_pre_EVT2/sync_folder) 20351488
Transferred:   	   38.817 MiB / 38.817 MiB, 100%, 1.294 MiB/s, ETA 0s
Errors:                 1 (retrying may help)
Checks:                78 / 78, 100%, Listed 162
Elapsed time:        16.9sTransferred:   	   38.817 MiB / 38.817 MiB, 100%, 1.294 MiB/s, ETA 0s
Checks:                78 / 78, 100%, Listed 200
Elapsed time:        16.9sTransferred:   	   38.817 MiB / 38.817 MiB, 100%, 1.294 MiB/s, ETA 0s
Checks:                78 / 78, 100%, Listed 200
Elapsed time:        17.4sTransferred:   	   38.817 MiB / 38.817 MiB, 100%, 1.294 MiB/s, ETA 0s
Checks:               115 / 115, 100%, Listed 241
Transferred:            0 / 1, 0%
Elapsed time:        17.9s
Transferring:
 *                               sfr_report.html: transferringTransferred:   	   38.817 MiB / 38.817 MiB, 100%, 1.294 MiB/s, ETA 0s
Checks:               117 / 117, 100%, Listed 243
Transferred:            0 / 1, 0%
Elapsed time:        18.4s
Transferring:
 *                               sfr_report.html: transferringTransferred:   	   38.817 MiB / 38.817 MiB, 100%, 2.426 MiB/s, ETA 0s
Checks:               117 / 117, 100%, Listed 243
Transferred:            0 / 1, 0%
Elapsed time:        18.9s
Transferring:
 *                               sfr_report.html: transferringTransferred:   	   38.817 MiB / 38.817 MiB, 100%, 2.426 MiB/s, ETA 0s
Checks:               117 / 117, 100%, Listed 243
Transferred:            0 / 1, 0%
Elapsed time:        19.4s
Transferring:
 *                               sfr_report.html: transferringTransferred:   	   38.817 MiB / 38.817 MiB, 100%, 2.274 MiB/s, ETA 0s
Checks:               117 / 117, 100%, Listed 243
Transferred:            0 / 1, 0%
Elapsed time:        19.9s
Transferring:
 *                               sfr_report.html: transferringTransferred:   	   38.817 MiB / 38.817 MiB, 100%, 2.274 MiB/s, ETA 0s
Checks:               117 / 117, 100%, Listed 243
Transferred:            0 / 1, 0%
Elapsed time:        20.4s
Transferring:
 *                               sfr_report.html: transferringTransferred:   	   38.817 MiB / 38.817 MiB, 100%, 2.132 MiB/s, ETA 0s
Checks:               117 / 117, 100%, Listed 243
Transferred:            0 / 1, 0%
Elapsed time:        20.9s
Transferring:
 *                               sfr_report.html: transferringTransferred:   	   38.817 MiB / 38.817 MiB, 100%, 2.132 MiB/s, ETA 0s
Checks:               117 / 117, 100%, Listed 243
Transferred:            0 / 1, 0%
Elapsed time:        21.4s
Transferring:
 *                               sfr_report.html: transferringTransferred:   	   38.817 MiB / 38.817 MiB, 100%, 1.999 MiB/s, ETA 0s
Checks:               117 / 117, 100%, Listed 243
Transferred:            0 / 1, 0%
Elapsed time:        21.9s
Transferring:
 *                               sfr_report.html: transferringTransferred:   	   38.817 MiB / 38.817 MiB, 100%, 1.999 MiB/s, ETA 0s
Checks:               117 / 117, 100%, Listed 243
Transferred:            0 / 1, 0%
Elapsed time:        22.4s
Transferring:
 *                               sfr_report.html: transferringTransferred:   	   38.817 MiB / 38.817 MiB, 100%, 1.874 MiB/s, ETA 0s
Checks:               117 / 117, 100%, Listed 243
Transferred:            0 / 1, 0%
Elapsed time:        22.9s
Transferring:
 *                               sfr_report.html: transferringTransferred:   	   38.817 MiB / 38.817 MiB, 100%, 1.874 MiB/s, ETA 0s
Checks:               117 / 117, 100%, Listed 243
Transferred:            0 / 1, 0%
Elapsed time:        23.4s
Transferring:
 *                               sfr_report.html: transferringTransferred:   	   38.817 MiB / 38.817 MiB, 100%, 1.757 MiB/s, ETA 0s
Checks:               117 / 117, 100%, Listed 243
Transferred:            0 / 1, 0%
Elapsed time:        23.9s
Transferring:
 *                               sfr_report.html: transferringTransferred:   	   38.817 MiB / 38.817 MiB, 100%, 1.757 MiB/s, ETA 0s
Checks:               117 / 117, 100%, Listed 243
Transferred:            0 / 1, 0%
Elapsed time:        24.4s
Transferring:
 *                               sfr_report.html: transferringTransferred:   	   38.817 MiB / 38.817 MiB, 100%, 1.647 MiB/s, ETA 0s
Checks:               117 / 117, 100%, Listed 243
Transferred:            0 / 1, 0%
Elapsed time:        24.9s
Transferring:
 *                               sfr_report.html: transferringTransferred:   	   38.817 MiB / 38.817 MiB, 100%, 1.647 MiB/s, ETA 0s
Checks:               117 / 117, 100%, Listed 243
Transferred:            0 / 1, 0%
Elapsed time:        25.4s
Transferring:
 *                               sfr_report.html: transferringTransferred:   	   38.817 MiB / 38.817 MiB, 100%, 1.544 MiB/s, ETA 0s
Checks:               117 / 117, 100%, Listed 243
Transferred:            0 / 1, 0%
Elapsed time:        25.9s
Transferring:
 *                               sfr_report.html: transferringTransferred:   	   38.817 MiB / 38.817 MiB, 100%, 1.544 MiB/s, ETA 0s
Checks:               117 / 117, 100%, Listed 243
Transferred:            0 / 1, 0%
Elapsed time:        26.4s
Transferring:
 *                               sfr_report.html: transferringTransferred:   	   38.817 MiB / 38.817 MiB, 100%, 1.448 MiB/s, ETA 0s
Checks:               117 / 117, 100%, Listed 243
Transferred:            0 / 1, 0%
Elapsed time:        26.9s
Transferring:
 *                               sfr_report.html: transferringTransferred:   	   38.817 MiB / 38.817 MiB, 100%, 1.448 MiB/s, ETA 0s
Checks:               117 / 117, 100%, Listed 243
Transferred:            0 / 1, 0%
Elapsed time:        27.4s
Transferring:
 *                               sfr_report.html: transferringTransferred:   	   38.817 MiB / 38.817 MiB, 100%, 1.357 MiB/s, ETA 0s
Checks:               117 / 117, 100%, Listed 243
Transferred:            0 / 1, 0%
Elapsed time:        27.9s
Transferring:
 *                               sfr_report.html: transferringTransferred:   	   38.817 MiB / 38.817 MiB, 100%, 1.357 MiB/s, ETA 0s
Checks:               117 / 117, 100%, Listed 243
Transferred:            0 / 1, 0%
Elapsed time:        28.4s
Transferring:
 *                               sfr_report.html: transferring
2026/04/20 02:30:16 ERROR : sfr_report.html.0b705df7.partial: corrupted on transfer: sizes differ src(Google drive root '') 20351443 vs dst(Local file system at //?/G:/My Drive/DesktopPC/vscode_projects/dbDashboard/output_pre_EVT2/sync_folder) 20351488
Transferred:   	   58.226 MiB / 58.226 MiB, 100%, 1.272 MiB/s, ETA 0s
Checks:               117 / 117, 100%, Listed 243
Transferred:            0 / 1, 0%
Elapsed time:        28.8s
Transferring:
 *                               sfr_report.html:100% /19.409Mi, 0/s, -
2026/04/20 02:30:16 ERROR : Attempt 3/3 failed with 1 errors and: corrupted on transfer: sizes differ src(Google drive root '') 20351443 vs dst(Local file system at //?/G:/My Drive/DesktopPC/vscode_projects/dbDashboard/output_pre_EVT2/sync_folder) 20351488
Transferred:   	   58.226 MiB / 58.226 MiB, 100%, 1.272 MiB/s, ETA 0s
Errors:                 1 (retrying may help)
Checks:               117 / 117, 100%, Listed 243
Elapsed time:        28.8sTransferred:   	   58.226 MiB / 58.226 MiB, 100%, 1.272 MiB/s, ETA 0s
Errors:                 1 (retrying may help)
Checks:               117 / 117, 100%, Listed 243
Elapsed time:        28.8s
2026/04/20 02:30:16 NOTICE: Failed to copy: corrupted on transfer: sizes differ src(Google drive root '') 20351443 vs dst(Local file system at //?/G:/My Drive/DesktopPC/vscode_projects/dbDashboard/output_pre_EVT2/sync_folder) 20351488
Listing remote files …
Remote: 40 files  (checklist cached)
Local:  39 files

============================================================
  Checklist: 37/40 files synced
============================================================

  ✗ Missing locally (3):
    - sfr_report.html  (19.4 MB)
    - 20260319-Before and After PF 10 times-SFR & Haze/3.18 白班 DTC保护膜 Haze.xlsx  (13.3 KB)
    - 20260319-Before and After PF 10 times-SFR & Haze/20260319 用0.11治具 10组保护膜测SFR.zip  (126.8 MB)


Copying (no delete):
  Source : folder ID 1ksLzPBZkPCK0fui6NymeDsT4hmleEMpz
  Dest   : G:\My Drive\DesktopPC\vscode_projects\dbDashboard\output_pre_EVT2\sync_folder

Traceback (most recent call last):
  File "G:\My Drive\DesktopPC\vscode_projects\dbDashboard\gsync.py", line 448, in <module>
    main()
  File "G:\My Drive\DesktopPC\vscode_projects\dbDashboard\gsync.py", line 425, in main
    do_copy(
  File "G:\My Drive\DesktopPC\vscode_projects\dbDashboard\gsync.py", line 301, in do_copy
    _run_rclone(
  File "G:\My Drive\DesktopPC\vscode_projects\dbDashboard\gdrive_ops.py", line 136, in _run_rclone
    return subprocess.run(cmd, check=True)
  File "C:\tools\fb-python\fb-python310\lib\subprocess.py", line 526, in run
    raise CalledProcessError(retcode, process.args,
subprocess.CalledProcessError: Command '['rclone', 'copy', 'manus_google_drive:', 'G:\\My Drive\\DesktopPC\\vscode_projects\\dbDashboard\\output_pre_EVT2\\sync_folder', '--progress', '--drive-root-folder-id', '1ksLzPBZkPCK0fui6NymeDsT4hmleEMpz']' returned non-zero exit status 1.
Config: pre_EVT2
Output: G:\My Drive\DesktopPC\vscode_projects\dbDashboard\output_pre_EVT2
Cache:  manus_google_drive (folder 1sVbN7AvNw9ZIrUI5pXRwSqAKauC8d-9K)


============================================================
  Step: gsync
  cmd:  C:\tools\fb-python\fb-python310\python.exe G:\My Drive\DesktopPC\vscode_projects\dbDashboard\gsync.py --gdrive https://drive.google.com/drive/folders/1ksLzPBZkPCK0fui6NymeDsT4hmleEMpz --local G:\My Drive\DesktopPC\vscode_projects\dbDashboard\output_pre_EVT2\sync_folder
============================================================


✗ gsync failed (exit 1)
Pipeline completed at Mon 04/20/2026  2:30:16.71

